LX51 CODE BANKING LINKER/LOCATOR V06.20.17.263                                 09/28/22  21:03:45
MS-DOS LX51 CODE BANKING LINKER/LOCATOR V06.20.17.263,  INVOKED BY:
C:\Users\kaltc\Documents\Raisonance\Ride\Bin\LX51.EXE C:\Users\kaltc\Documents\GitHub\Z80_Modular&
_Computer\Ride7\RS485_test\RS485_echo.obj TO(C:\Users\kaltc\Documents\GitHub\Z80_Modular_Computer&
\Ride7\RS485_test\RS485_echo.aof) LIBPATH(C:\Users\kaltc\Documents\Raisonance\Ride\Lib\51) GENERA&
TEDEPFILE MAP IX RS(256) RSI(128) CSIZE(65536) XSIZE(65536) DEFN(XSTACKLEN,256) DEFN(TIM1_INIT,E8&
h) CO(0) DT(0) ID(0) XD(0) BI(0) ABSCODEOFFS(0) XMLM(No,C:\Users\kaltc\Documents\GitHub\Z80_Modul&
ar_Computer\Ride7\RS485_test\RS485_echo-modules.Standard.xml) XMLF(No,8000,C:\Users\kaltc\Documen&
ts\GitHub\Z80_Modular_Computer\Ride7\RS485_test\RS485_echo-flash.Standard.xml) 


MEMORY MODEL: SMALL WITHOUT ANY FLOATING POINT ARITHMETIC


INPUT MODULES INCLUDED
  C:\USERS\KALTC\DOCUMENTS\GITHUB\Z80_MODULAR_COMPUTER\RIDE7\RS485_TEST\RS485_ECHO.OBJ(RS485_ECHO&
)
  C:\Users\kaltc\Documents\Raisonance\Ride\Lib\51\RC51S.LIB(C3S)
  C:\Users\kaltc\Documents\Raisonance\Ride\Lib\51\RC51S.LIB(HPD)
  C:\Users\kaltc\Documents\Raisonance\Ride\Lib\51\RC51S.LIB(_C_IDATALEN)


LINK MAP OF MODULE: C:\USERS\KALTC\DOCUMENTS\GITHUB\Z80_MODULAR_COMPUTER\RIDE7\RS485_TEST\RS485_E&
CHO.AOF (RS485_ECHO)

    TYPE     BASE       LENGTH    RELOCATION     SEGMENT NAME
    ----     ----       ------    ----------     ------------

    * * * * * * *   DATA/IDATA    M E M O R Y   * * * * * * *
    REG      0000H      0008H     ABSOLUTE       "REG BANK 0"
    DATA     0008H      0002H     UNIT           ?DT?RS485_ECHO
    IDATA    000AH      0001H     * * STACK * *  _STACK

    * * * * * * *   CODE          M E M O R Y   * * * * * * *
    CODE     0000H      0003H     ABSOLUTE       
    CODE     0003H      000FH     UNIT           ?PR?C51_STARTUP?
    CODE     0012H      0079H     UNIT           ?PR?_serialInit?RS485_ECHO
    CODE     008BH      000CH     UNIT           ?PR?_serialTX?RS485_ECHO
    CODE     0097H      0008H     UNIT           ?PR?serialRX?RS485_ECHO
    CODE     009FH      0015H     UNIT           ?PR?main?RS485_ECHO

EXECUTABLE SUMMARY:
-------------------
    Total INTERNAL RAM storage requirement:  000AH (10)
    Total EXTERNAL RAM storage requirement:  0000H (0)
    Total     CODE     storage requirement:  00B4H (180)
Note:  Summary does not include dynamic stack requirements


REFERENCE MAP OF MODULE: C:\USERS\KALTC\DOCUMENTS\GITHUB\Z80_MODULAR_COMPUTER\RIDE7\RS485_TEST\RS485_ECHO.AOF (RS4&
85_ECHO)

SEGMENT                           BI_GROUP            DT_GROUP             ID_GROUP             XD_GROUP
  +--> CALLED SEGMENT          START    LENGTH     START    LENGTH     START    LENGTH     START    LENGTH
--------------------------------------------------------------------------------------

?PR?main?RS485_ECHO            ---------------     ---------------     ---------------     ---------------
  +--> ?PR?_serialInit?RS485_ECHO
  +--> ?PR?serialRX?RS485_ECHO
  +--> ?PR?_serialTX?RS485_ECHO

?PR?_serialInit?RS485_ECHO     ---------------     ---------------     ---------------     ---------------

?PR?serialRX?RS485_ECHO        ---------------     ---------------     ---------------     ---------------

?PR?_serialTX?RS485_ECHO       ---------------     ---------------     ---------------     ---------------

SYMBOL TABLE FOR C:\USERS\KALTC\DOCUMENTS\GITHUB\Z80_MODULAR_COMPUTER\RIDE7\RS485_TEST\RS485_ECHO&
.AOF(RS485_ECHO)
-------------------------------------------------------------------------------------------------&
-----------------

    VALUE              TYPE               NAME
    -----              ----               ----

	-------            MODULE             RS485_echo
	C:0000H            SYMBOL             _ICE_DUMMY_
	C:009FH            PUBLIC             main
	C:0097H            PUBLIC             serialRX
	C:008BH            PUBLIC             _serialTX
	C:0012H            PUBLIC             _serialInit
	D:0008H            PUBLIC             baud
	B:0098H            SYMBOL             RI
	B:0099H            SYMBOL             TI
	B:009AH            SYMBOL             RB8
	B:009BH            SYMBOL             TB8
	B:009CH            SYMBOL             REN
	B:009DH            SYMBOL             SM2
	B:009EH            SYMBOL             SM1
	B:009FH            SYMBOL             SM0
	B:00B0H            SYMBOL             RXD
	B:00B1H            SYMBOL             TXD
	B:00B2H            SYMBOL             INT0
	B:00B3H            SYMBOL             INT1
	B:00B4H            SYMBOL             T0
	B:00B5H            SYMBOL             T1
	B:00B6H            SYMBOL             WR
	B:00B7H            SYMBOL             RD
	B:00B8H            SYMBOL             PX0
	B:00B9H            SYMBOL             PT0
	B:00BAH            SYMBOL             PX1
	B:00BBH            SYMBOL             PT1
	B:00BCH            SYMBOL             PS
	B:00A8H            SYMBOL             EX0
	B:00A9H            SYMBOL             ET0
	B:00AAH            SYMBOL             EX1
	B:00ABH            SYMBOL             ET1
	B:00ACH            SYMBOL             ES
	B:00AFH            SYMBOL             EA
	B:0088H            SYMBOL             IT0
	B:0089H            SYMBOL             IE0
	B:008AH            SYMBOL             IT1
	B:008BH            SYMBOL             IE1
	B:008CH            SYMBOL             TR0
	B:008DH            SYMBOL             TF0
	B:008EH            SYMBOL             TR1
	B:008FH            SYMBOL             TF1
	B:00D0H            SYMBOL             P
	B:00D2H            SYMBOL             OV
	B:00D3H            SYMBOL             RS0
	B:00D4H            SYMBOL             RS1
	B:00D5H            SYMBOL             F0
	B:00D6H            SYMBOL             AC
	B:00D7H            SYMBOL             CY
	D:0099H            SYMBOL             SBUF
	D:0098H            SYMBOL             SCON
	D:00B8H            SYMBOL             IP
	D:00A8H            SYMBOL             IE
	D:008DH            SYMBOL             TH1
	D:008CH            SYMBOL             TH0
	D:008BH            SYMBOL             TL1
	D:008AH            SYMBOL             TL0
	D:0089H            SYMBOL             TMOD
	D:0088H            SYMBOL             TCON
	D:0087H            SYMBOL             PCON
	D:0083H            SYMBOL             DPH
	D:0082H            SYMBOL             DPL
	D:0081H            SYMBOL             SP
	D:00F0H            SYMBOL             B
	D:00E0H            SYMBOL             ACC
	D:00D0H            SYMBOL             PSW
	D:00B0H            SYMBOL             P3
	D:00A0H            SYMBOL             P2
	D:0090H            SYMBOL             P1
	D:0080H            SYMBOL             P0
	-------            PROC               _serialInit
	C:0012H            LINE#              28
	C:0012H            LINE#              29
	C:0014H            LINE#              30
	C:0017H            LINE#              31
	C:001AH            LINE#              32
	C:001DH            LINE#              33
	C:0067H            LINE#              35
	C:006AH            LINE#              36
	C:006CH            LINE#              38
	C:006FH            LINE#              39
	C:0071H            LINE#              41
	C:0074H            LINE#              42
	C:0076H            LINE#              44
	C:0079H            LINE#              45
	C:007BH            LINE#              47
	C:007EH            LINE#              48
	C:0080H            LINE#              50
	C:0083H            LINE#              51
	C:0085H            LINE#              53
	C:0088H            LINE#              56
	C:008AH            LINE#              57
	C:008AH            LINE#              57
	-------            ENDPROC            _serialInit
	-------            PROC               _serialTX
	C:008BH            LINE#              59
	C:008BH            LINE#              60
	C:008DH            LINE#              61
	C:008FH            LINE#              62
	C:0092H            LINE#              63
	C:0094H            LINE#              64
	C:0096H            LINE#              65
	C:0096H            LINE#              65
	-------            ENDPROC            _serialTX
	-------            PROC               serialRX
	C:0097H            LINE#              67
	C:0097H            LINE#              68
	C:009AH            LINE#              69
	C:009CH            LINE#              70
	C:009EH            LINE#              71
	C:009EH            LINE#              71
	-------            ENDPROC            serialRX
	-------            PROC               main
	C:009FH            LINE#              8
	C:009FH            LINE#              9
	C:00A5H            LINE#              10
	C:00ACH            LINE#              13
	C:00B2H            LINE#              15
	-------            ENDPROC            main
	-------            ENDMOD             RS485_echo
	C:0003H            PUBLIC             ?C_START3
	D:00A0H            PUBLIC             HPD_ADDR
	N:007FH            PUBLIC             IDATALEN
	N:00FFH            PUBLIC             _INITP2?

----------------------
SUGGESTED OPTIMIZATION
----------------------
Warning: 118 (76H) data bytes in the range [00H-80H] are available for storage.
         Consider using some of these for 'data' variables in your source files.


LINK/LOCATE RUN COMPLETE,  NO ERROR FOUND.

